
> frontend@0.1.0 test
> react-scripts test src/components/Pagination.test.js --watchAll=false

node.exe : FAIL 
src/components/Pagination.test.js
At line:1 char:1
+ & "C:\Program 
Files\nodejs/node.exe" "C:\Program 
Files\nodejs/node_mo ...
+ ~~~~~~~~~~~~~~~~~~~~~~~~~~~~~~~~~
~~~~~~~~~~~~~~~~~~~~~~~~~~~~~~~~~~~
~
    + CategoryInfo          : NotS 
   pecified: (FAIL src/components  
  /Pagination.test.js:String) []   
 , RemoteException
    + FullyQualifiedErrorId : Nati 
   veCommandError
 
  Pagination Component
    ├ù renders correctly with 
given pages (89 ms)
    ÔêÜ calls onPageChange when a 
page number is clicked (142 ms)
    ÔêÜ disables previous button 
on first page (72 ms)
    ÔêÜ disables next button on 
last page (56 ms)
    ÔêÜ does not render if 
totalPages is 1 (3 ms)

  ÔùÅ Pagination Component ÔÇ║ 
renders correctly with given pages

    TestingLibraryElementError: 
Found multiple elements with the 
text: 1

    Here are the matching elements:

    Ignored nodes: comments, 
script, style
    [36m<span[39m
      
[33mclass[39m=[32m"font-medium 
text-text-main"[39m
    [36m>[39m
      [0m1[0m
    [36m</span>[39m

    Ignored nodes: comments, 
script, style
    [36m<button[39m
      
[33mclass[39m=[32m"relative 
inline-flex items-center px-3.5 
py-2 text-sm font-semibold 
rounded-md transition-all z-10 
bg-primary/20 text-primary border 
border-primary/30"[39m
    [36m>[39m
      [0m1[0m
    [36m</button>[39m

    (If this is intentional, then 
use the `*AllBy*` variant of the 
query (like `queryAllByText`, 
`getAllByText`, or 
`findAllByText`)).

    Ignored nodes: comments, 
script, style
    [36m<body>[39m
      [36m<div>[39m
        [36m<div[39m
          
[33mclass[39m=[32m"flex 
items-center justify-between px-4 
py-3 bg-bg-surface-light/30 
border-t border-border-subtle 
rounded-b-xl"[39m
        [36m>[39m
          [36m<div[39m
            
[33mclass[39m=[32m"flex flex-1 
justify-between sm:hidden"[39m
          [36m>[39m
            [36m<button[39m
              
[33mclass[39m=[32m"relative 
inline-flex items-center 
rounded-md border 
border-border-subtle bg-bg-surface 
px-4 py-2 text-sm font-medium 
text-text-muted 
hover:bg-bg-surface-light 
disabled:opacity-50"[39m
              
[33mdisabled[39m=[32m""[39m
            [36m>[39m
              [0mPrevious[0m
            [36m</button>[39m
            [36m<button[39m
              
[33mclass[39m=[32m"relative 
ml-3 inline-flex items-center 
rounded-md border 
border-border-subtle bg-bg-surface 
px-4 py-2 text-sm font-medium 
text-text-muted 
hover:bg-bg-surface-light 
disabled:opacity-50"[39m
            [36m>[39m
              [0mNext[0m
            [36m</button>[39m
          [36m</div>[39m
          [36m<div[39m
            
[33mclass[39m=[32m"hidden 
sm:flex sm:flex-1 sm:items-center 
sm:justify-between"[39m
          [36m>[39m
            [36m<div>[39m
              [36m<p[39m
                
[33mclass[39m=[32m"text-sm 
text-text-dim"[39m
              [36m>[39m
                [0mShowing page 
[0m
                [36m<span[39m
                  
[33mclass[39m=[32m"font-medium 
text-text-main"[39m
                [36m>[39m
                  [0m1[0m
                [36m</span>[39m
                [0m of[0m
                [0m [0m
                [36m<span[39m
                  
[33mclass[39m=[32m"font-medium 
text-text-main"[39m
                [36m>[39m
                  [0m5[0m
                [36m</span>[39m
              [36m</p>[39m
            [36m</div>[39m
            [36m<div>[39m
              [36m<nav[39m
                [33maria-label[39
m=[32m"Pagination"[39m
                
[33mclass[39m=[32m"isolate 
inline-flex -space-x-px rounded-md 
shadow-sm gap-1"[39m
              [36m>[39m
                [36m<button[39m
                  
[33mclass[39m=[32m"relative 
inline-flex items-center 
rounded-md px-2 py-2 
text-text-muted 
hover:bg-bg-surface 
hover:text-white focus:z-20 
disabled:opacity-50 border 
border-transparent 
hover:border-border-subtle 
transition-all"[39m
                  
[33mdisabled[39m=[32m""[39m
                [36m>[39m
                  [36m<span[39m
                    
[33mclass[39m=[32m"sr-only"[39m
                  [36m>[39m
                    [0mFirst[0m
                  [36m</span>[39m
                  [36m<svg[39m
                    [33maria-hidde
n[39m=[32m"true"[39m
                    
[33mclass[39m=[32m"lucide 
lucide-chevrons-left h-4 w-4"[39m
                    
[33mfill[39m=[32m"none"[39m
                    
[33mheight[39m=[32m"24"[39m
                    [33mstroke[39
m=[32m"currentColor"[39m
                    [33mstroke-lin
ecap[39m=[32m"round"[39m
                    [33mstroke-lin
ejoin[39m=[32m"round"[39m
                    [33mstroke-wid
th[39m=[32m"2"[39m
                    
[33mviewBox[39m=[32m"0 0 24 
24"[39m
                    
[33mwidth[39m=[32m"24"[39m
                    [33mxmlns[39m
=[32m"http://www.w3.org/2000/svg"
[39m
                  [36m>[39m
                    [36m<path[39m
                      
[33md[39m=[32m"m11 17-5-5 
5-5"[39m
                    [36m/>[39m
                    [36m<path[39m
                      
[33md[39m=[32m"m18 17-5-5 
5-5"[39m
                    [36m/>[39m
                  [36m</svg>[39m
                [36m</button>[39m
                [36m<button[39m
                  
[33mclass[39m=[32m"relative 
inline-flex items-center 
rounded-md px-2 py-2 
text-text-muted 
hover:bg-bg-surface 
hover:text-white focus:z-20 
disabled:opacity-50 border 
border-transparent 
hover:border-border-subtle 
transition-all"[39m
                  
[33mdisabled[39m=[32m""[39m
                [36m>[39m
                  [36m<span[39m
                    
[33mclass[39m=[32m"sr-only"[39m
                  [36m>[39m
                    
[0mPrevious[0m
                  [36m</span>[39m
                  [36m<svg[39m
                    [33maria-hidde
n[39m=[32m"true"[39m
                    
[33mclass[39m=[32m"lucide 
lucide-chevron-left h-4 w-4"[39m
                    
[33mfill[39m=[32m"none"[39m
                    
[33mheight[39m=[32m"24"[39m
                    [33mstroke[39
m=[32m"currentColor"[39m
                    [33mstroke-lin
ecap[39m=[32m"round"[39m
                    [33mstroke-lin
ejoin[39m=[32m"round"[39m
                    [33mstroke-wid
th[39m=[32m"2"[39m
                    
[33mviewBox[39m=[32m"0 0 24 
24"[39m
                    
[33mwidth[39m=[32m"24"[39m
                    [33mxmlns[39m
=[32m"http://www.w3.org/2000/svg"
[39m
                  [36m>[39m
                    [36m<path[39m
                      
[33md[39m=[32m"m15 18-6-6 
6-6"[39m
                    [36m/>[39m
                  [36m</svg>[39m
                [36m</button>[39m
                [36m<button[39m
                  
[33mclass[39m=[32m"relative 
inline-flex items-center px-3.5 
py-2 text-sm font-semibold 
rounded-md transition-all z-10 
bg-primary/20 text-primary border 
border-primary/30"[39m
                [36m>[39m
                  [0m1[0m
                [36m</button>[39m
                [36m<button[39m
                  
[33mclass[39m=[32m"relative 
inline-flex items-center px-3.5 
py-2 text-sm font-semibold 
rounded-md transition-all 
text-text-muted 
hover:bg-bg-surface 
hover:text-white border 
border-transparent 
hover:border-border-subtle"[39m
                [36m>[39m
                  [0m2[0m
                [36m</button>[39m
                [36m<button[39m
                  
[33mclass[39m=[32m"relative 
inline-flex items-center px-3.5 
py-2 text-sm font-semibold 
rounded-md transition-all 
text-text-muted 
hover:bg-bg-surface 
hover:text-white border 
border-transparent 
hover:border-border-subtle"[39m
                [36m>[39m
                  [0m3[0m
                [36m</button>[39m
                [36m<button[39m
                  
[33mclass[39m=[32m"relative 
inline-flex items-center px-3.5 
py-2 text-sm font-semibold 
rounded-md transition-all 
text-text-muted 
hover:bg-bg-surface 
hover:text-white border 
border-transparent 
hover:border-border-subtle"[39m
                [36m>[39m
                  [0m4[0m
                [36m</button>[39m
                [36m<button[39m
                  
[33mclass[39m=[32m"relative 
inline-flex items-center px-3.5 
py-2 text-sm font-semibold 
rounded-md transition-all 
text-text-muted 
hover:bg-bg-surface 
hover:text-white border 
border-transparent 
hover:border-border-subtle"[39m
                [36m>[39m
                  [0m5[0m
                [36m</button>[39m
                [36m<button[39m
                  
[33mclass[39m=[32m"relative 
inline-flex items-center 
rounded-md px-2 py-2 
text-text-muted 
hover:bg-bg-surface 
hover:text-white focus:z-20 
disabled:opacity-50 border 
border-transparent 
hover:border-border-subtle 
transition-all"[39m
                [36m>[39m
                  [36m<span[39m
                    
[33mclass[39m=[32m"sr-only"[39m
                  [36m>[39m
                    [0mNext[0m
                  [36m</span>[39m
                  [36m<svg[39m
                    [33maria-hidde
n[39m=[32m"true"[39m
                    
[33mclass[39m=[32m"lucide 
lucide-chevron-right h-4 w-4"[39m
                    
[33mfill[39m=[32m"none"[39m
                    
[33mheight[39m=[32m"24"[39m
                    [33mstroke[39
m=[32m"currentColor"[39m
                    [33mstroke-lin
ecap[39m=[32m"round"[39m
                    [33mstroke-lin
ejoin[39m=[32m"round"[39m
                    [33mstroke-wid
th[39m=[32m"2"[39m
                    
[33mviewBox[39m=[32m"0 0 24 
24"[39m
                    
[33mwidth[39m=[32m"24"[39m
                    [33mxmlns[39m
=[32m"http://www.w3.org/2000/svg"
[39m
                  [36m>[39m
                    [36m<path[39m
                      
[33md[39m=[32m"m9 18 
6-6-6-6"[39m
                    [36m/>[39m
                  [36m</svg>[39m
                [36m</button>[39m
                [36m<button[39m
                  
[33mclass[39m=[32m"relative 
inline-flex items-center 
rounded-md px-2 py-2 
text-text-muted 
hover:bg-bg-surface 
hover:text-white focus:z-20 
disabled:opacity-50 border 
border-transparent 
hover:border-border-subtle 
transition-all"[39m
                [36m>[39m
                  [36m<span[39m
                    
[33mclass[39m=[32m"sr-only"[39m
                  [36m>[39m
                    [0mLast[0m
                  [36m</span>[39m
                  [36m<svg[39m
                    [33maria-hidde
n[39m=[32m"true"[39m
                    
[33mclass[39m=[32m"lucide 
lucide-chevrons-right h-4 w-4"[39m
                    
[33mfill[39m=[32m"none"[39m
                    
[33mheight[39m=[32m"24"[39m
                    [33mstroke[39
m=[32m"currentColor"[39m
                    [33mstroke-lin
ecap[39m=[32m"round"[39m
                    [33mstroke-lin
ejoin[39m=[32m"round"[39m
                    [33mstroke-wid
th[39m=[32m"2"[39m
                    
[33mviewBox[39m=[32m"0 0 24 
24"[39m
                    
[33mwidth[39m=[32m"24"[39m
                    [33mxmlns[39m
=[32m"http://www.w3.org/2000/svg"
[39m
                  [36m>[39m
                    [36m<path[39m
                      
[33md[39m=[32m"m6 17 
5-5-5-5"[39m
                    [36m/>[39m
                    [36m<path[39m
                      
[33md[39m=[32m"m13 17 
5-5-5-5"[39m
                    [36m/>[39m
                  [36m</svg>[39m
                [36m</button>[39m
              [36m</nav>[39m
            [36m</div>[39m
          [36m</div>[39m
        [36m</div>[39m
      [36m</div>[39m
    [36m</body>[39m

    [0m [90m  9 |[39m
     [90m 10 |[39m         expect
(screen[33m.[39mgetByText([35m/S
howing page/[39m))[33m.[39mtoBeI
nTheDocument()[33m;[39m
    [31m[1m>[22m[39m[90m 11 
|[39m         expect(screen[33m.
[39mgetByText([32m'1'[39m))[33m.
[39mtoBeInTheDocument()[33m;[39m
     [90m    |[39m               
        [31m[1m^[22m[39m
     [90m 12 |[39m         expect
(screen[33m.[39mgetByText([32m'5
'[39m))[33m.[39mtoBeInTheDocumen
t()[33m;[39m
     [90m 13 |[39m     
})[33m;[39m
     [90m 14 |[39m[0m

      at Object.getElementError (no
de_modules/@testing-library/dom/dis
t/config.js:37:19)
      at getElementError (node_modu
les/@testing-library/dom/dist/query
-helpers.js:20:35)
      at 
getMultipleElementsFoundError (node
_modules/@testing-library/dom/dist/
query-helpers.js:23:10)
      at node_modules/@testing-libr
ary/dom/dist/query-helpers.js:55:13
      at getByText (node_modules/@t
esting-library/dom/dist/query-helpe
rs.js:95:19)
      at Object.<anonymous> (src/co
mponents/Pagination.test.js:11:23)
      at 
TestScheduler.scheduleTests (node_m
odules/@jest/core/build/TestSchedul
er.js:333:13)
      at runJest (node_modules/@jes
t/core/build/runJest.js:404:19)
      at _run10000 (node_modules/@j
est/core/build/cli/index.js:320:7)
      at runCLI (node_modules/@jest
/core/build/cli/index.js:173:3)

Test Suites: 1 failed, 1 total
Tests:       1 failed, 4 passed, 5 
total
Snapshots:   0 total
Time:        3.822 s, estimated 4 s
Ran all test suites matching /src\\
components\\Pagination.test.js/i.
